user1@user1-VirtualBox:~$ sudo mysql -u root -p

Enter password: 

Welcome to the MariaDB monitor.  Commands end with ; or \g.

Your MariaDB connection id is 10

Server version: 10.6.12-MariaDB-0ubuntu0.22.04.1 Ubuntu 22.04



Copyright (c) 2000, 2018, Oracle, MariaDB Corporation Ab and others.



Type 'help;' or '\h' for help. Type '\c' to clear the current input statement.



MariaDB [(none)]> USE human_friends;

Database changed

MariaDB [human_friends]> CREATE TABLE animals (

    ->     ->     id INT PRIMARY KEY AUTO_INCREMENT,

    ->     ->     name VARCHAR(255) NOT NULL,

    ->     ->     birthday DATE NOT NULL

    ->     -> );

ERROR 1064 (42000): You have an error in your SQL syntax; check the manual that corresponds to your MariaDB server version for the right syntax to use near '->     id INT PRIMARY KEY AUTO_INCREMENT,

    ->     name VARCHAR(255) NOT NU...' at line 2

MariaDB [human_friends]> CREATE TABLE animals (id INT PRIMARY KEY AUTO_INCREMENT, name VARCHAR(255) NOT NULL, birthday DATE NOT NULL);

Query OK, 0 rows affected (0,013 sec)



MariaDB [human_friends]> CREATE TABLE commands (id INT PRIMARY KEY AUTO_INCREMENT, id_animal INT NOT NULL, command VARCHAR(80), FOREIGN KEY (id_animal) REFERENCES animals (id));

Query OK, 0 rows affected (0,009 sec)



MariaDB [human_friends]> CREATE TABLE pets (id INT PRIMARY KEY AUTO_INCREMENT, id_animal INT NOT NULL, FOREIGN KEY (id_animal) REFERENCES animals (id));

Query OK, 0 rows affected (0,010 sec)



MariaDB [human_friends]> CREATE TABLE dogs (id INT PRIMARY KEY AUTO_INCREMENT, id_pet INT NOT NULL, FOREIGN KEY (id_pet) REFERENCES pets (id));

Query OK, 0 rows affected (0,009 sec)



MariaDB [human_friends]> CREATE TABLE cats (id INT PRIMARY KEY AUTO_INCREMENT, id_pet INT NOT NULL, FOREIGN KEY (id_pet) REFERENCES pets (id));

Query OK, 0 rows affected (0,010 sec)



MariaDB [human_friends]> CREATE TABLE hamsters (id INT PRIMARY KEY AUTO_INCREMENT, id_pet INT NOT NULL, FOREIGN KEY (id_pet) REFERENCES pets (id));

Query OK, 0 rows affected (0,011 sec)



MariaDB [human_friends]> CREATE TABLE pack_animals (id INT PRIMARY KEY AUTO_INCREMENT, id_animal INT NOT NULL, FOREIGN KEY (id_animal) REFERENCES animals (id));

Query OK, 0 rows affected (0,010 sec)



MariaDB [human_friends]> CREATE TABLE horses (id INT PRIMARY KEY AUTO_INCREMENT, id_pack_animal INT NOT NULL, FOREIGN KEY (id_pack_animal) REFERENCES pack_animals (id));

Query OK, 0 rows affected (0,012 sec)



MariaDB [human_friends]> CREATE TABLE camels (id INT PRIMARY KEY AUTO_INCREMENT, id_pack_animal INT NOT NULL, FOREIGN KEY (id_pack_animal) REFERENCES pack_animals (id));

Query OK, 0 rows affected (0,009 sec)



MariaDB [human_friends]> CREATE TABLE donkeys (id INT PRIMARY KEY AUTO_INCREMENT, id_pack_animal INT NOT NULL, FOREIGN KEY (id_pack_animal) REFERENCES pack_animals (id));

Query OK, 0 rows affected (0,012 sec)



MariaDB [human_friends]> SHOW TABLES;

+-------------------------+

| Tables_in_human_friends |

+-------------------------+

| animals                 |

| camels                  |

| cats                    |

| commands                |

| dogs                    |

| donkeys                 |

| hamsters                |

| horses                  |

| pack_animals            |

| pets                    |

+-------------------------+

10 rows in set (0,000 sec)



MariaDB [human_friends]> QUIT;

Bye

user1@user1-VirtualBox:~$ ^C

user1@user1-VirtualBox:~$ 

